AR mux behavioral D:/Users/DAVID/Desktop/davidProcesador/pr4/procesado4/MUX.vhd sub00/vhpl17 1477417919
EN psr NULL D:/Users/DAVID/Desktop/davidProcesador/pr4/procesado4/PSR.vhd sub00/vhpl14 1477417916
EN seu NULL D:/Users/DAVID/Desktop/davidProcesador/pr4/procesado4/SEU.vhd sub00/vhpl10 1477417910
EN cu NULL D:/Users/DAVID/Desktop/davidProcesador/pr4/procesado4/CU.vhd sub00/vhpl08 1477417908
AR add behavioral D:/Users/DAVID/Desktop/davidProcesador/pr4/procesado4/add.vhd sub00/vhpl05 1477417905
AR im behavioral D:/Users/DAVID/Desktop/davidProcesador/pr4/procesado4/IM.vhd sub00/vhpl07 1477417907
AR npc behavioral D:/Users/DAVID/Desktop/davidProcesador/pr4/procesado4/nPC.vhd sub00/vhpl01 1477417901
EN im NULL D:/Users/DAVID/Desktop/davidProcesador/pr4/procesado4/IM.vhd sub00/vhpl06 1477417906
AR seu behavioral D:/Users/DAVID/Desktop/davidProcesador/pr4/procesado4/SEU.vhd sub00/vhpl11 1477417911
AR procesador4 behavioral D:/Users/DAVID/Desktop/davidProcesador/pr4/procesado4/Procesador4.vhd sub00/vhpl29 1477417925
AR psrm behavioral D:/Users/DAVID/Desktop/davidProcesador/pr4/procesado4/PSRM.vhd sub00/vhpl19 1477417921
AR procesador2 behavioral D:/Users/DAVID/Desktop/GITHUB/procesado1/Procesador2.vhd sub00/vhpl23 1476365953
EN pc NULL D:/Users/DAVID/Desktop/davidProcesador/pr4/procesado4/PC.vhd sub00/vhpl02 1477417902
EN rf NULL D:/Users/DAVID/Desktop/davidProcesador/pr4/procesado4/RF.vhd sub00/vhpl12 1477417914
EN procesador2 NULL D:/Users/DAVID/Desktop/GITHUB/procesado1/Procesador2.vhd sub00/vhpl22 1476365952
AR psr behavioral D:/Users/DAVID/Desktop/davidProcesador/pr4/procesado4/PSR.vhd sub00/vhpl15 1477417917
EN procesador3 NULL D:/Users/DAVID/Desktop/david/pr3/procesado3/Procesador3.vhd sub00/vhpl24 1476371324
EN procesador4 NULL D:/Users/DAVID/Desktop/davidProcesador/pr4/procesado4/Procesador4.vhd sub00/vhpl28 1477417924
EN wm NULL D:/Users/DAVID/Desktop/davidProcesador/pr4/procesado4/WM.vhd sub00/vhpl26 1477417912
EN npc NULL D:/Users/DAVID/Desktop/davidProcesador/pr4/procesado4/nPC.vhd sub00/vhpl00 1477417900
EN add NULL D:/Users/DAVID/Desktop/davidProcesador/pr4/procesado4/add.vhd sub00/vhpl04 1477417904
EN mux NULL D:/Users/DAVID/Desktop/davidProcesador/pr4/procesado4/MUX.vhd sub00/vhpl16 1477417918
AR alu behavioral D:/Users/DAVID/Desktop/davidProcesador/pr4/procesado4/ALU.vhd sub00/vhpl21 1477417923
AR wm behavioral D:/Users/DAVID/Desktop/davidProcesador/pr4/procesado4/WM.vhd sub00/vhpl27 1477417913
AR procesador3 behavioral D:/Users/DAVID/Desktop/david/pr3/procesado3/Procesador3.vhd sub00/vhpl25 1476371325
AR pc behavioral D:/Users/DAVID/Desktop/davidProcesador/pr4/procesado4/PC.vhd sub00/vhpl03 1477417903
AR rf behavioral D:/Users/DAVID/Desktop/davidProcesador/pr4/procesado4/RF.vhd sub00/vhpl13 1477417915
EN psrm NULL D:/Users/DAVID/Desktop/davidProcesador/pr4/procesado4/PSRM.vhd sub00/vhpl18 1477417920
AR cu behavioral D:/Users/DAVID/Desktop/davidProcesador/pr4/procesado4/CU.vhd sub00/vhpl09 1477417909
EN alu NULL D:/Users/DAVID/Desktop/davidProcesador/pr4/procesado4/ALU.vhd sub00/vhpl20 1477417922
