V3 80
FL D:/Users/DAVID/Desktop/david/pr3/procesado3/add.vhd 2016/10/11.18:46:24 P.20131013
FL D:/Users/DAVID/Desktop/david/pr3/procesado3/ALU.vhd 2016/10/12.15:15:23 P.20131013
FL D:/Users/DAVID/Desktop/david/pr3/procesado3/CU.vhd 2016/10/11.18:37:17 P.20131013
FL D:/Users/DAVID/Desktop/david/pr3/procesado3/IM.vhd 2016/10/13.08:15:03 P.20131013
FL D:/Users/DAVID/Desktop/david/pr3/procesado3/MUX.vhd 2016/10/10.22:27:14 P.20131013
FL D:/Users/DAVID/Desktop/david/pr3/procesado3/nPC.vhd 2016/10/11.18:34:41 P.20131013
FL D:/Users/DAVID/Desktop/david/pr3/procesado3/PC.vhd 2016/10/11.18:35:14 P.20131013
FL D:/Users/DAVID/Desktop/david/pr3/procesado3/Procesador3.vhd 2016/10/13.10:07:33 P.20131013
EN work/Procesador3 1476371324 \
      FL D:/Users/DAVID/Desktop/david/pr3/procesado3/Procesador3.vhd \
      PB ieee/std_logic_1164 1381692176
AR work/Procesador3/Behavioral 1476371325 \
      FL D:/Users/DAVID/Desktop/david/pr3/procesado3/Procesador3.vhd \
      EN work/Procesador3 1476371324 CP nPC CP PC CP add CP IM CP CU CP SEU CP RF CP PSR \
      CP MUX CP PSRM CP ALU
FL D:/Users/DAVID/Desktop/david/pr3/procesado3/PSR.vhd 2016/10/12.07:06:32 P.20131013
FL D:/Users/DAVID/Desktop/david/pr3/procesado3/PSRM.vhd 2016/10/12.07:04:44 P.20131013
FL D:/Users/DAVID/Desktop/david/pr3/procesado3/RF.vhd 2016/10/11.18:37:03 P.20131013
FL D:/Users/DAVID/Desktop/david/pr3/procesado3/SEU.vhd 2016/10/10.22:33:54 P.20131013
FL D:/Users/DAVID/Desktop/davidProcesador/pr4/procesado4/add.vhd 2016/10/11.18:46:24 P.20131013
EN work/add 1477417904 \
      FL D:/Users/DAVID/Desktop/davidProcesador/pr4/procesado4/add.vhd \
      PB ieee/std_logic_1164 1381692176 PB ieee/STD_LOGIC_UNSIGNED 1381692179
AR work/add/Behavioral 1477417905 \
      FL D:/Users/DAVID/Desktop/davidProcesador/pr4/procesado4/add.vhd \
      EN work/add 1477417904
FL D:/Users/DAVID/Desktop/davidProcesador/pr4/procesado4/ALU.vhd 2016/10/25.09:53:18 P.20131013
EN work/ALU 1477417922 \
      FL D:/Users/DAVID/Desktop/davidProcesador/pr4/procesado4/ALU.vhd \
      PB ieee/std_logic_1164 1381692176 PB ieee/STD_LOGIC_UNSIGNED 1381692179
AR work/ALU/Behavioral 1477417923 \
      FL D:/Users/DAVID/Desktop/davidProcesador/pr4/procesado4/ALU.vhd \
      EN work/ALU 1477417922
FL D:/Users/DAVID/Desktop/davidProcesador/pr4/procesado4/CU.vhd 2016/10/11.18:37:17 P.20131013
EN work/CU 1477417908 \
      FL D:/Users/DAVID/Desktop/davidProcesador/pr4/procesado4/CU.vhd \
      PB ieee/std_logic_1164 1381692176
AR work/CU/Behavioral 1477417909 \
      FL D:/Users/DAVID/Desktop/davidProcesador/pr4/procesado4/CU.vhd EN work/CU 1477417908
FL D:/Users/DAVID/Desktop/davidProcesador/pr4/procesado4/IM.vhd 2016/10/13.08:15:03 P.20131013
EN work/IM 1477417906 \
      FL D:/Users/DAVID/Desktop/davidProcesador/pr4/procesado4/IM.vhd \
      PB ieee/std_logic_1164 1381692176 PB ieee/STD_LOGIC_UNSIGNED 1381692179 \
      PB std/TEXTIO 1381692176
AR work/IM/Behavioral 1477417907 \
      FL D:/Users/DAVID/Desktop/davidProcesador/pr4/procesado4/IM.vhd EN work/IM 1477417906
FL D:/Users/DAVID/Desktop/davidProcesador/pr4/procesado4/MUX.vhd 2016/10/10.22:27:14 P.20131013
EN work/MUX 1477417918 \
      FL D:/Users/DAVID/Desktop/davidProcesador/pr4/procesado4/MUX.vhd \
      PB ieee/std_logic_1164 1381692176
AR work/MUX/Behavioral 1477417919 \
      FL D:/Users/DAVID/Desktop/davidProcesador/pr4/procesado4/MUX.vhd \
      EN work/MUX 1477417918
FL D:/Users/DAVID/Desktop/davidProcesador/pr4/procesado4/nPC.vhd 2016/10/11.18:34:41 P.20131013
EN work/nPC 1477417900 \
      FL D:/Users/DAVID/Desktop/davidProcesador/pr4/procesado4/nPC.vhd \
      PB ieee/std_logic_1164 1381692176
AR work/nPC/Behavioral 1477417901 \
      FL D:/Users/DAVID/Desktop/davidProcesador/pr4/procesado4/nPC.vhd \
      EN work/nPC 1477417900
FL D:/Users/DAVID/Desktop/davidProcesador/pr4/procesado4/PC.vhd 2016/10/11.18:35:14 P.20131013
EN work/PC 1477417902 \
      FL D:/Users/DAVID/Desktop/davidProcesador/pr4/procesado4/PC.vhd \
      PB ieee/std_logic_1164 1381692176
AR work/PC/Behavioral 1477417903 \
      FL D:/Users/DAVID/Desktop/davidProcesador/pr4/procesado4/PC.vhd EN work/PC 1477417902
FL D:/Users/DAVID/Desktop/davidProcesador/pr4/procesado4/Procesador3.vhd 2016/10/25.12:23:47 P.20131013
FL D:/Users/DAVID/Desktop/davidProcesador/pr4/procesado4/Procesador4.vhd 2016/10/25.12:51:35 P.20131013
EN work/Procesador4 1477417924 \
      FL D:/Users/DAVID/Desktop/davidProcesador/pr4/procesado4/Procesador4.vhd \
      PB ieee/std_logic_1164 1381692176
AR work/Procesador4/Behavioral 1477417925 \
      FL D:/Users/DAVID/Desktop/davidProcesador/pr4/procesado4/Procesador4.vhd \
      EN work/Procesador4 1477417924 CP nPC CP PC CP add CP IM CP CU CP SEU CP WM CP RF \
      CP PSR CP MUX CP PSRM CP ALU
FL D:/Users/DAVID/Desktop/davidProcesador/pr4/procesado4/PSR.vhd 2016/10/25.11:46:03 P.20131013
EN work/PSR 1477417916 \
      FL D:/Users/DAVID/Desktop/davidProcesador/pr4/procesado4/PSR.vhd \
      PB ieee/std_logic_1164 1381692176
AR work/PSR/Behavioral 1477417917 \
      FL D:/Users/DAVID/Desktop/davidProcesador/pr4/procesado4/PSR.vhd \
      EN work/PSR 1477417916
FL D:/Users/DAVID/Desktop/davidProcesador/pr4/procesado4/PSRM.vhd 2016/10/12.07:04:44 P.20131013
EN work/PSRM 1477417920 \
      FL D:/Users/DAVID/Desktop/davidProcesador/pr4/procesado4/PSRM.vhd \
      PB ieee/std_logic_1164 1381692176
AR work/PSRM/Behavioral 1477417921 \
      FL D:/Users/DAVID/Desktop/davidProcesador/pr4/procesado4/PSRM.vhd \
      EN work/PSRM 1477417920
FL D:/Users/DAVID/Desktop/davidProcesador/pr4/procesado4/RF.vhd 2016/10/25.12:43:35 P.20131013
EN work/RF 1477417914 \
      FL D:/Users/DAVID/Desktop/davidProcesador/pr4/procesado4/RF.vhd \
      PB ieee/std_logic_1164 1381692176 PB ieee/STD_LOGIC_UNSIGNED 1381692179
AR work/RF/Behavioral 1477417915 \
      FL D:/Users/DAVID/Desktop/davidProcesador/pr4/procesado4/RF.vhd EN work/RF 1477417914
FL D:/Users/DAVID/Desktop/davidProcesador/pr4/procesado4/SEU.vhd 2016/10/10.22:33:54 P.20131013
EN work/SEU 1477417910 \
      FL D:/Users/DAVID/Desktop/davidProcesador/pr4/procesado4/SEU.vhd \
      PB ieee/std_logic_1164 1381692176
AR work/SEU/Behavioral 1477417911 \
      FL D:/Users/DAVID/Desktop/davidProcesador/pr4/procesado4/SEU.vhd \
      EN work/SEU 1477417910
FL D:/Users/DAVID/Desktop/davidProcesador/pr4/procesado4/WM.vhd 2016/10/25.11:27:03 P.20131013
EN work/WM 1477417912 \
      FL D:/Users/DAVID/Desktop/davidProcesador/pr4/procesado4/WM.vhd \
      PB ieee/std_logic_1164 1381692176 PB ieee/std_logic_arith 1381692177 \
      PB ieee/STD_LOGIC_UNSIGNED 1381692179 PB ieee/NUMERIC_STD 1381692181
AR work/WM/Behavioral 1477417913 \
      FL D:/Users/DAVID/Desktop/davidProcesador/pr4/procesado4/WM.vhd EN work/WM 1477417912
FL D:/Users/DAVID/Desktop/GITHUB/procesado1/add.vhd 2016/10/11.18:46:24 P.20131013
FL D:/Users/DAVID/Desktop/GITHUB/procesado1/ALU.vhd 2016/10/12.15:15:23 P.20131013
FL D:/Users/DAVID/Desktop/GITHUB/procesado1/CU.vhd 2016/10/11.18:37:17 P.20131013
FL D:/Users/DAVID/Desktop/GITHUB/procesado1/IM.vhd 2016/10/13.08:15:03 P.20131013
FL D:/Users/DAVID/Desktop/GITHUB/procesado1/MUX.vhd 2016/10/10.22:27:14 P.20131013
FL D:/Users/DAVID/Desktop/GITHUB/procesado1/nPC.vhd 2016/10/11.18:34:41 P.20131013
FL D:/Users/DAVID/Desktop/GITHUB/procesado1/PC.vhd 2016/10/11.18:35:14 P.20131013
FL D:/Users/DAVID/Desktop/GITHUB/procesado1/Procesador2.vhd 2016/10/12.15:27:23 P.20131013
EN work/Procesador2 1476365952 \
      FL D:/Users/DAVID/Desktop/GITHUB/procesado1/Procesador2.vhd \
      PB ieee/std_logic_1164 1381692176
AR work/Procesador2/Behavioral 1476365953 \
      FL D:/Users/DAVID/Desktop/GITHUB/procesado1/Procesador2.vhd \
      EN work/Procesador2 1476365952 CP nPC CP PC CP add CP IM CP CU CP SEU CP RF CP PSR \
      CP MUX CP PSRM CP ALU
FL D:/Users/DAVID/Desktop/GITHUB/procesado1/PSR.vhd 2016/10/12.07:06:32 P.20131013
FL D:/Users/DAVID/Desktop/GITHUB/procesado1/PSRM.vhd 2016/10/12.07:04:44 P.20131013
FL D:/Users/DAVID/Desktop/GITHUB/procesado1/RF.vhd 2016/10/11.18:37:03 P.20131013
FL D:/Users/DAVID/Desktop/GITHUB/procesado1/SEU.vhd 2016/10/10.22:33:54 P.20131013
